../Core/Src/main.c:149:6:SystemClock_Config	72	static,ignoring_inline_asm
../Core/Src/main.c:86:5:main	56	static,ignoring_inline_asm
../Core/Src/main.c:360:6:pair	0	static
../Core/Src/main.c:445:6:UART_send_Char	16	static
../Core/Src/main.c:448:6:UART_receive_Data	0	static
../Core/Src/main.c:453:6:UART_send_Data	8	static
../Core/Src/main.c:457:6:UART_sendNumber	32	static
../Core/Src/main.c:487:6:UART_sendString	16	static
../Core/Src/main.c:408:6:HAL_UART_RxCpltCallback	16	static
../Core/Src/main.c:499:6:Error_Handler	0	static,ignoring_inline_asm
