../Core/Src/motor.c:21:6:enable_global_interrupts	0	static,ignoring_inline_asm
../Core/Src/motor.c:33:6:Motor_Init	72	static,ignoring_inline_asm
../Core/Src/motor.c:71:6:Motor_SetSpeedM1	0	static
../Core/Src/motor.c:85:6:Motor_SetSpeedM2	0	static
../Core/Src/motor.c:99:6:Motor_SetSpeedM3	0	static
../Core/Src/motor.c:113:6:Motor_SetSpeedM4	0	static
../Core/Src/motor.c:136:6:updateSpeeds	8	static
../Core/Src/motor.c:126:6:Motor_setSpeedAll	16	static
../Core/Src/motor.c:142:6:Motor_getMotorsSpeed	0	static
../Core/Src/motor.c:146:6:Motor_setRoll	8	static
../Core/Src/motor.c:150:6:Motor_setPitch	8	static
../Core/Src/motor.c:154:6:Motor_setYaw	8	static
