../Core/Src/PID.c:47:6:UpdateTime	8	static
../Core/Src/PID.c:52:7:GetDeltaTime	8	static
../Core/Src/PID.c:55:6:PID_init	8	static
../Core/Src/PID.c:59:6:PID_Update	32	static
../Core/Src/PID.c:74:6:UpdateGyroStabilization	24	static
../Core/Src/PID.c:89:6:CollectDataForUART	0	static
../Core/Src/PID.c:96:6:PID_ControlLoop	64	static
../Core/Src/PID.c:124:6:PID_updatePitch	16	static
../Core/Src/PID.c:131:6:PID_updateRoll	16	static
../Core/Src/PID.c:139:6:PID_updateYaw	16	static
../Core/Src/PID.c:151:6:PID_Reset_Controller	0	static
../Core/Src/PID.c:146:6:PID_Reset	8	static
../Core/Src/PID.c:158:6:PID_SetKP	72	static
../Core/Src/PID.c:168:6:PID_SetKI	72	static
../Core/Src/PID.c:178:6:PID_SetKD	72	static
../Core/Src/PID.c:188:6:PID_SetYawKP	72	static
../Core/Src/PID.c:197:6:PID_SetYawKI	72	static
../Core/Src/PID.c:205:6:PID_SetYawKD	72	static
